// Jest Snapshot v1, https://goo.gl/fbAQLP

exports[`Test If The Component Render Correctly Across Screen 1`] = `
<View
  style={
    {
      "alignItems": "center",
      "flexDirection": "row",
      "padding": 17,
    }
  }
>
  <View
    accessibilityState={
      {
        "busy": undefined,
        "checked": undefined,
        "disabled": undefined,
        "expanded": undefined,
        "selected": undefined,
      }
    }
    accessibilityValue={
      {
        "max": undefined,
        "min": undefined,
        "now": undefined,
        "text": undefined,
      }
    }
    accessible={true}
    collapsable={false}
    focusable={true}
    onClick={[Function]}
    onResponderGrant={[Function]}
    onResponderMove={[Function]}
    onResponderRelease={[Function]}
    onResponderTerminate={[Function]}
    onResponderTerminationRequest={[Function]}
    onStartShouldSetResponder={[Function]}
    style={
      {
        "backgroundColor": "#000",
        "borderRadius": 7,
        "opacity": 1,
        "padding": 9,
      }
    }
  >
    <Text
      allowFontScaling={false}
      selectable={false}
      style={
        [
          {
            "color": "#ffffff",
            "fontSize": 19,
          },
          undefined,
          {
            "fontFamily": "Material Icons",
            "fontStyle": "normal",
            "fontWeight": "normal",
          },
          {},
        ]
      }
    >
      î— 
    </Text>
  </View>
  <Text
    style={
      {
        "color": "#000000",
        "fontSize": 25,
        "fontWeight": "700",
        "paddingLeft": "25%",
      }
    }
  >
    Restaurants
  </Text>
</View>
`;
