// Jest Snapshot v1, https://goo.gl/fbAQLP

exports[`Test Search Component The Component Render Successfully 1`] = `
<View
  style={
    {
      "alignItems": "center",
      "borderColor": "#000000",
      "borderRadius": 13,
      "borderWidth": 2,
      "flexDirection": "row",
      "height": 37,
      "justifyContent": "space-between",
      "marginHorizontal": 17,
      "marginVertical": 22,
      "paddingHorizontal": 11,
    }
  }
  testID="SearchView"
>
  <Text
    allowFontScaling={false}
    selectable={false}
    style={
      [
        {
          "color": "#000000",
          "fontSize": 19,
        },
        undefined,
        {
          "fontFamily": "Material Icons",
          "fontStyle": "normal",
          "fontWeight": "normal",
        },
        {},
      ]
    }
  >
    
  </Text>
  <TextInput
    onChangeText={[Function]}
    placeholder="Enter The Restaurant Name"
    style={
      {
        "paddingVertical": 7,
        "width": "80%",
      }
    }
  />
  <View
    accessibilityState={
      {
        "busy": undefined,
        "checked": undefined,
        "disabled": undefined,
        "expanded": undefined,
        "selected": undefined,
      }
    }
    accessibilityValue={
      {
        "max": undefined,
        "min": undefined,
        "now": undefined,
        "text": undefined,
      }
    }
    accessible={true}
    collapsable={false}
    focusable={true}
    onClick={[Function]}
    onResponderGrant={[Function]}
    onResponderMove={[Function]}
    onResponderRelease={[Function]}
    onResponderTerminate={[Function]}
    onResponderTerminationRequest={[Function]}
    onStartShouldSetResponder={[Function]}
    style={
      {
        "opacity": 1,
      }
    }
  >
    <Text
      allowFontScaling={false}
      selectable={false}
      style={
        [
          {
            "color": "#000000",
            "fontSize": 19,
          },
          undefined,
          {
            "fontFamily": "Material Icons",
            "fontStyle": "normal",
            "fontWeight": "normal",
          },
          {},
        ]
      }
    >
      
    </Text>
  </View>
</View>
`;
